// Jest Snapshot v1, https://goo.gl/fbAQLP

exports[`top nav should match its snapshot 1`] = `
<div>
  <div>
    <nav
      class="makeStyles-navBar-1"
    >
      <ul
        class="makeStyles-navList-3"
      >
        <li
          class="makeStyles-navLink-2"
        >
          <a
            href="/"
          >
            Home
          </a>
        </li>
        <li
          class="makeStyles-navLink-2"
        >
          <a
            href="/admin"
          >
            Admin
          </a>
        </li>
      </ul>
    </nav>
  </div>
</div>
`;
