// Jest Snapshot v1, https://goo.gl/fbAQLP

exports[`details screen should match its snapshot 1`] = `
<div>
  <div
    class="makeStyles-root-1"
  >
    <h1>
      testPinkCheese
    </h1>
    <div
      class="makeStyles-outerContainer-2"
    >
      <div
        class="makeStyles-detailsContainer-3"
      >
        <img
          alt="testPinkCheese"
          class="makeStyles-image-4"
          src="testPinkUrl"
        />
        <div>
          <span>
            Colour - 
          </span>
          <span>
            pink
          </span>
        </div>
        <div>
          <span>
            Price per kg - 
          </span>
          <span>
            15
          </span>
        </div>
        <div
          class="makeStyles-addToBasketBox-5"
        >
          <p
            class="MuiTypography-root MuiTypography-body1 MuiTypography-gutterBottom"
            id="discrete-slider-small-steps"
          >
            Calculate Price
          </p>
          <span
            class="MuiSlider-root MuiSlider-colorPrimary"
            id="slider"
          >
            <span
              class="MuiSlider-rail"
            />
            <span
              class="MuiSlider-track"
              style="left: 0%; width: 0%;"
            />
            <input
              type="hidden"
              value="0"
            />
            <span
              aria-labelledby="discrete-slider-small-steps"
              aria-orientation="horizontal"
              aria-valuemax="2000"
              aria-valuemin="0"
              aria-valuenow="0"
              class="MuiSlider-thumb MuiSlider-thumbColorPrimary PrivateValueLabel-thumb-57"
              data-index="0"
              role="slider"
              style="left: 0%;"
              tabindex="0"
            >
              <span
                class="PrivateValueLabel-offset-59 MuiSlider-valueLabel"
              >
                <span
                  class="PrivateValueLabel-circle-60"
                >
                  <span
                    class="PrivateValueLabel-label-61"
                  >
                    0
                  </span>
                </span>
              </span>
            </span>
          </span>
          <div
            class="makeStyles-addToBasketLowerBox-6"
          >
            <button
              class="MuiButtonBase-root MuiButton-root MuiButton-contained MuiButton-containedPrimary"
              tabindex="0"
              type="button"
            >
              <span
                class="MuiButton-label"
              >
                Add to basket
              </span>
              <span
                class="MuiTouchRipple-root"
              />
            </button>
            <p
              class="MuiTypography-root MuiTypography-body1 MuiTypography-gutterBottom"
              id="discrete-slider-small-steps"
            >
              <span
                data-testid="projected.cost"
              >
                Calculated Price $
                0
              </span>
            </p>
          </div>
        </div>
      </div>
      <div>
        <ul
          class="MuiList-root MuiList-padding"
        >
          <li
            class="MuiListItem-root MuiListItem-gutters"
          >
            <div
              class="MuiListItemText-root"
            >
              <span
                class="MuiTypography-root MuiListItemText-primary MuiTypography-body1"
              >
                Basket
              </span>
            </div>
          </li>
          <hr
            class="MuiDivider-root"
          />
          <li
            class="MuiListItem-root MuiListItem-gutters"
          >
            <div
              class="MuiListItemText-root"
            >
              <span
                class="MuiTypography-root MuiListItemText-primary MuiTypography-body1"
              >
                test product
              </span>
            </div>
            <div
              class="MuiListItemText-root"
            >
              <span
                class="MuiTypography-root MuiListItemText-primary MuiTypography-body1"
              >
                 - 
              </span>
            </div>
            <div
              class="MuiListItemText-root"
            >
              <span
                class="MuiTypography-root MuiListItemText-primary MuiTypography-body1"
              >
                $5
              </span>
            </div>
          </li>
          <li
            class="MuiListItem-root MuiListItem-gutters"
          >
            <div
              class="MuiListItemText-root"
            >
              <span
                class="MuiTypography-root MuiListItemText-primary MuiTypography-body1"
              >
                test product 2
              </span>
            </div>
            <div
              class="MuiListItemText-root"
            >
              <span
                class="MuiTypography-root MuiListItemText-primary MuiTypography-body1"
              >
                 - 
              </span>
            </div>
            <div
              class="MuiListItemText-root"
            >
              <span
                class="MuiTypography-root MuiListItemText-primary MuiTypography-body1"
              >
                $20
              </span>
            </div>
          </li>
          <hr
            class="MuiDivider-root"
          />
          <li
            class="MuiListItem-root MuiListItem-gutters"
            data-testid="basket.total"
          >
            <div
              class="MuiListItemText-root"
            >
              <span
                class="MuiTypography-root MuiListItemText-primary MuiTypography-body1"
              >
                Total
              </span>
            </div>
            <div
              class="MuiListItemText-root"
            >
              <span
                class="MuiTypography-root MuiListItemText-primary MuiTypography-body1"
              >
                 - 
              </span>
            </div>
            <div
              class="MuiListItemText-root"
              data-testid="basket.total"
            >
              <span
                class="MuiTypography-root MuiListItemText-primary MuiTypography-body1"
              >
                $25
              </span>
            </div>
          </li>
          <hr
            class="MuiDivider-root"
          />
          <button
            class="MuiButtonBase-root MuiButton-root MuiButton-outlined MuiButton-outlinedSecondary"
            tabindex="0"
            type="button"
          >
            <span
              class="MuiButton-label"
            >
              Clear Basket
            </span>
            <span
              class="MuiTouchRipple-root"
            />
          </button>
        </ul>
      </div>
    </div>
  </div>
</div>
`;
