// Jest Snapshot v1, https://goo.gl/fbAQLP

exports[`basket should match its snapshot 1`] = `
<div>
  <div>
    <ul
      class="MuiList-root MuiList-padding"
    >
      <li
        class="MuiListItem-root MuiListItem-gutters"
      >
        <div
          class="MuiListItemText-root"
        >
          <span
            class="MuiTypography-root MuiListItemText-primary MuiTypography-body1"
          >
            Basket
          </span>
        </div>
      </li>
      <hr
        class="MuiDivider-root"
      />
      <li
        class="MuiListItem-root MuiListItem-gutters"
      >
        <div
          class="MuiListItemText-root"
        >
          <span
            class="MuiTypography-root MuiListItemText-primary MuiTypography-body1"
          >
            test product
          </span>
        </div>
        <div
          class="MuiListItemText-root"
        >
          <span
            class="MuiTypography-root MuiListItemText-primary MuiTypography-body1"
          >
             - 
          </span>
        </div>
        <div
          class="MuiListItemText-root"
        >
          <span
            class="MuiTypography-root MuiListItemText-primary MuiTypography-body1"
          >
            $5
          </span>
        </div>
      </li>
      <li
        class="MuiListItem-root MuiListItem-gutters"
      >
        <div
          class="MuiListItemText-root"
        >
          <span
            class="MuiTypography-root MuiListItemText-primary MuiTypography-body1"
          >
            test product 2
          </span>
        </div>
        <div
          class="MuiListItemText-root"
        >
          <span
            class="MuiTypography-root MuiListItemText-primary MuiTypography-body1"
          >
             - 
          </span>
        </div>
        <div
          class="MuiListItemText-root"
        >
          <span
            class="MuiTypography-root MuiListItemText-primary MuiTypography-body1"
          >
            $20
          </span>
        </div>
      </li>
      <hr
        class="MuiDivider-root"
      />
      <li
        class="MuiListItem-root MuiListItem-gutters"
        data-testid="basket.total"
      >
        <div
          class="MuiListItemText-root"
        >
          <span
            class="MuiTypography-root MuiListItemText-primary MuiTypography-body1"
          >
            Total
          </span>
        </div>
        <div
          class="MuiListItemText-root"
        >
          <span
            class="MuiTypography-root MuiListItemText-primary MuiTypography-body1"
          >
             - 
          </span>
        </div>
        <div
          class="MuiListItemText-root"
          data-testid="basket.total"
        >
          <span
            class="MuiTypography-root MuiListItemText-primary MuiTypography-body1"
          >
            $25
          </span>
        </div>
      </li>
      <hr
        class="MuiDivider-root"
      />
      <button
        class="MuiButtonBase-root MuiButton-root MuiButton-outlined MuiButton-outlinedSecondary"
        tabindex="0"
        type="button"
      >
        <span
          class="MuiButton-label"
        >
          Clear Basket
        </span>
        <span
          class="MuiTouchRipple-root"
        />
      </button>
    </ul>
  </div>
</div>
`;
